[1;95m[agent][m switched to Coder
[1;96m[model][m switched to deepseek/deepseek-v4-flash
[1;96m◌ bash[m
[1;92m✓ bash[m
[1;90m│ ok[m
[1;91m✗ permission denied[m
[1;93m[permission][m tool patterns=bash,read request=per_1
[1;95m[question][m Continue? options=yes (do it) custom=true request=que_1
[1;90m[unknown][m custom.event something happened
[1;90m──── answered in 1 in · 2 out · 3 reasoning · 3.5s ────[m
[1;93m[user][m ask: prompt is required
[1;96m[network][m Get "http://127.0.0.1:4096": connection refused
[1;91m[server][m http /session: status 500: boom
[1;95m[schema][m normalize event: invalid json
